
> vault51@0.1.0 build
> next build

Attention: Next.js now collects completely anonymous telemetry regarding usage.
This information is used to shape Next.js' roadmap and prioritize features.
You can learn more, including how to opt-out if you'd not like to participate in this anonymous program, by visiting the following URL:
https://nextjs.org/telemetry

   ▲ Next.js 15.4.3

   Linting and checking validity of types ...
   Creating an optimized production build ...
Browserslist: browsers data (caniuse-lite) is 8 months old. Please run:
  npx update-browserslist-db@latest
  Why you should do it regularly: https://github.com/browserslist/update-db#readme
Failed to compile.

./styles/globals.css.webpack[javascript/auto]!=!./node_modules/next/dist/build/webpack/loaders/css-loader/src/index.js??ruleSet[1].rules[7].oneOf[13].use[1]!./node_modules/next/dist/build/webpack/loaders/postcss-loader/src/index.js??ruleSet[1].rules[7].oneOf[13].use[2]!./styles/globals.css
Error: It looks like you're trying to use `tailwindcss` directly as a PostCSS plugin. The PostCSS plugin has moved to a separate package, so to continue using Tailwind CSS with PostCSS you'll need to install `@tailwindcss/postcss` and update your PostCSS configuration.
    at We (/workspaces/vault51/node_modules/tailwindcss/dist/lib.js:35:2121)
    at LazyResult.runOnRoot (/workspaces/vault51/node_modules/next/node_modules/postcss/lib/lazy-result.js:329:16)
    at LazyResult.runAsync (/workspaces/vault51/node_modules/next/node_modules/postcss/lib/lazy-result.js:258:26)
    at LazyResult.async (/workspaces/vault51/node_modules/next/node_modules/postcss/lib/lazy-result.js:160:30)
    at LazyResult.then (/workspaces/vault51/node_modules/next/node_modules/postcss/lib/lazy-result.js:404:17)

Import trace for requested module:
./styles/globals.css.webpack[javascript/auto]!=!./node_modules/next/dist/build/webpack/loaders/css-loader/src/index.js??ruleSet[1].rules[7].oneOf[13].use[1]!./node_modules/next/dist/build/webpack/loaders/postcss-loader/src/index.js??ruleSet[1].rules[7].oneOf[13].use[2]!./styles/globals.css
./styles/globals.css

./styles/globals.css
Error: It looks like you're trying to use `tailwindcss` directly as a PostCSS plugin. The PostCSS plugin has moved to a separate package, so to continue using Tailwind CSS with PostCSS you'll need to install `@tailwindcss/postcss` and update your PostCSS configuration.
    at We (/workspaces/vault51/node_modules/tailwindcss/dist/lib.js:35:2121)
    at LazyResult.runOnRoot (/workspaces/vault51/node_modules/next/node_modules/postcss/lib/lazy-result.js:329:16)
    at LazyResult.runAsync (/workspaces/vault51/node_modules/next/node_modules/postcss/lib/lazy-result.js:258:26)
    at LazyResult.async (/workspaces/vault51/node_modules/next/node_modules/postcss/lib/lazy-result.js:160:30)
    at LazyResult.then (/workspaces/vault51/node_modules/next/node_modules/postcss/lib/lazy-result.js:404:17)
    at tryRunOrWebpackError (/workspaces/vault51/node_modules/next/dist/compiled/webpack/bundle5.js:29:316119)
    at __webpack_require_module__ (/workspaces/vault51/node_modules/next/dist/compiled/webpack/bundle5.js:29:131532)
    at __nested_webpack_require_161494__ (/workspaces/vault51/node_modules/next/dist/compiled/webpack/bundle5.js:29:130967)
    at /workspaces/vault51/node_modules/next/dist/compiled/webpack/bundle5.js:29:131824
    at symbolIterator (/workspaces/vault51/node_modules/next/dist/compiled/neo-async/async.js:1:14444)
    at done (/workspaces/vault51/node_modules/next/dist/compiled/neo-async/async.js:1:14824)
    at Hook.eval [as callAsync] (eval at create (/workspaces/vault51/node_modules/next/dist/compiled/webpack/bundle5.js:14:9224), <anonymous>:15:1)
    at Hook.CALL_ASYNC_DELEGATE [as _callAsync] (/workspaces/vault51/node_modules/next/dist/compiled/webpack/bundle5.js:14:6378)
    at /workspaces/vault51/node_modules/next/dist/compiled/webpack/bundle5.js:29:130687
    at symbolIterator (/workspaces/vault51/node_modules/next/dist/compiled/neo-async/async.js:1:14402)
-- inner error --
Error: It looks like you're trying to use `tailwindcss` directly as a PostCSS plugin. The PostCSS plugin has moved to a separate package, so to continue using Tailwind CSS with PostCSS you'll need to install `@tailwindcss/postcss` and update your PostCSS configuration.
    at We (/workspaces/vault51/node_modules/tailwindcss/dist/lib.js:35:2121)
    at LazyResult.runOnRoot (/workspaces/vault51/node_modules/next/node_modules/postcss/lib/lazy-result.js:329:16)
    at LazyResult.runAsync (/workspaces/vault51/node_modules/next/node_modules/postcss/lib/lazy-result.js:258:26)
    at LazyResult.async (/workspaces/vault51/node_modules/next/node_modules/postcss/lib/lazy-result.js:160:30)
    at LazyResult.then (/workspaces/vault51/node_modules/next/node_modules/postcss/lib/lazy-result.js:404:17)
    at Object.<anonymous> (/workspaces/vault51/node_modules/next/dist/build/webpack/loaders/css-loader/src/index.js??ruleSet[1].rules[7].oneOf[13].use[1]!/workspaces/vault51/node_modules/next/dist/build/webpack/loaders/postcss-loader/src/index.js??ruleSet[1].rules[7].oneOf[13].use[2]!/workspaces/vault51/styles/globals.css:1:7)
    at /workspaces/vault51/node_modules/next/dist/compiled/webpack/bundle5.js:29:962717
    at Hook.eval [as call] (eval at create (/workspaces/vault51/node_modules/next/dist/compiled/webpack/bundle5.js:14:9002), <anonymous>:7:1)
    at Hook.CALL_DELEGATE [as _call] (/workspaces/vault51/node_modules/next/dist/compiled/webpack/bundle5.js:14:6272)
    at /workspaces/vault51/node_modules/next/dist/compiled/webpack/bundle5.js:29:131565
    at tryRunOrWebpackError (/workspaces/vault51/node_modules/next/dist/compiled/webpack/bundle5.js:29:316073)
    at __webpack_require_module__ (/workspaces/vault51/node_modules/next/dist/compiled/webpack/bundle5.js:29:131532)
    at __nested_webpack_require_161494__ (/workspaces/vault51/node_modules/next/dist/compiled/webpack/bundle5.js:29:130967)
    at /workspaces/vault51/node_modules/next/dist/compiled/webpack/bundle5.js:29:131824
    at symbolIterator (/workspaces/vault51/node_modules/next/dist/compiled/neo-async/async.js:1:14444)

Generated code for /workspaces/vault51/node_modules/next/dist/build/webpack/loaders/css-loader/src/index.js??ruleSet[1].rules[7].oneOf[13].use[1]!/workspaces/vault51/node_modules/next/dist/build/webpack/loaders/postcss-loader/src/index.js??ruleSet[1].rules[7].oneOf[13].use[2]!/workspaces/vault51/styles/globals.css

Import trace for requested module:
./styles/globals.css


> Build failed because of webpack errors
